---
source: src/ui/status.rs
expression: "render_to_string(&s, 80, 12)"
---
 feature (status)   4 changed · 2 staged
A  src/status.rs
 M src/reducer.rs
MM src/ui/mod.rs
?? notes.txt               ┌ Discard? ─────────────┐
                           │ Delete notes.txt?     │
                           │ y discard · n cancel  │
                           └───────────────────────┘



j/k · space stage · S/U all · c commit · a amend · d/D discard · Tab diff · q qu
