---
source: src/ui/mod.rs
expression: "render_to_string(&s, 80, 12)"
---
 feature (HEAD)    origin/main
Search:   (3 matches)
aaaaaaa 3 days ago    Ada Lovelace     add fuzzy search (HEAD, feature)
bbbbbbb 5 days ago    Bo ┌ aaaaaaa add fuzzy search ──┐
ccccccc 2 weeks ago   Cy │ Open in GitHub             │(v1.0)
                         │ Open Pull Request          │
                         │ Copy SHA                   │
┌ai summary──────────────│ Checkout                   │────────────────────────┐
│press s for an AI summar│ Copy revert command        │                        │
│                        └────────────────────────────┘                        │
└──────────────────────────────────────────────────────────────────────────────┘
j/k · /search · Tab preview · s summary · ←/→ view · Enter · R fetch · q quit
