---
source: src/ui/branch.rs
expression: "render_to_string(&s, 80, 12)"
---
Search:   (3 matches)
*   feature                                  loading… 3 days ago
    main                     ┌ wip-parser ───────┐ng… 2 weeks ago
    wip-parser               │ Checkout          │ng… 1 hour ago
                             │ Open Pull Request │
                             │ Copy name         │
                             │ Close PR          │
┌ai summary──────────────────│ Delete branch     │─────────────────────────────┐
│press @ for an AI summary   └───────────────────┘                             │
│                                                                              │
└──────────────────────────────────────────────────────────────────────────────┘
j/k · /search · @ summary · p PRs · n new · d delete · Enter · R reload · q quit
