---
source: src/ui/branch.rs
expression: "render_to_string(&s, 80, 12)"
---
Search: parser█  (1 matches)
    wip-parser                               loading… 1 hour ago





┌ai summary────────────────────────────────────────────────────────────────────┐
│press @ for an AI summary                                                     │
│                                                                              │
└──────────────────────────────────────────────────────────────────────────────┘
j/k · /search · @ summary · o open · n new · d del · Enter · R reload · q quit
