---
source: src/ui/mod.rs
expression: "render_to_string(&s, 40, 10)"
---
 feature (HEAD)    origin/main
Search:   (3 matches)
aaaaaaa 3 days ago    Ada Lovelace     a
bbbbbbb 5 days ago    Bo               f
ccccccc 2 weeks ago   Cy               r
┌ai summary────────────────────────────┐
│press s for an AI summary             │
│                                      │
└──────────────────────────────────────┘
j/k · /search · Tab preview · s summary
