---
source: src/ui/mod.rs
expression: "render_to_string(&s, 80, 16)"
---
 feature (HEAD)    origin/main
Search:   (3 matches)
aaaaaaa 3 days ago    Ada Lovelace     add fuzzy search (HEAD, feature)
bbb┌ai summary · Esc to close───────────────────────────────────────────────┐
ccc│Adds an in-process fuzzy finder over the commit list, a diff preview    │
   │pane toggled with Tab, an action menu on Enter, and AI summaries        │
   │generated locally via Ollama and cached on disk keyed by commit SHA.    │
   │                                                                        │
   │                                                                        │
   │                                                                        │
   │                                                                        │
┌ai│                                                                        │──┐
│Ad│                                                                        │  │
│to└────────────────────────────────────────────────────────────────────────┘y…│
└──────────────────────────────────────────────────────────────────────────────┘
j/k · /search · Tab preview · s summary · ←/→ view · Enter · R fetch · q quit
