---
source: src/ui/branch.rs
expression: out
---
Search:   (3 matches)
*   feature                                  —        3 days ago
    main                                     merged   2 weeks ago
    wip-parser                               open     1 hour ago



┌ai summary────────────────────────────────────────────────────────────────────┐
│press @ for an AI summary                                                     │
│                                                                              │
└──────────────────────────────────────────────────────────────────────────────┘
j/k · /search · @ summary · p PRs · n new · d delete · Enter · R reload · q quit
