---
source: src/ui/mod.rs
expression: "render_to_string(&s, 80, 8)"
---
 main (HEAD)    origin/main
Search:   (0 matches)
No commits
┌ai summary────────────────────────────────────────────────────────────────────┐
│press @ for an AI summary                                                     │
│                                                                              │
└──────────────────────────────────────────────────────────────────────────────┘
j/k · /search · Tab preview · @ summary · s expand · ←/→ view · Enter · R fetch
