---
source: src/ui/branch.rs
expression: "render_to_string(&s, 80, 12)"
---
Search:   (3 matches)
*   feature                                  loading… 3 days ago
    main                                     loading… 2 weeks ago
    wip-parser                               loading… 1 hour ago
                         ┌ Delete branch? ───────────┐
                         │ Delete branch wip-parser? │
                         │ y delete · n cancel       │
                         └───────────────────────────┘



j/k · /search · @ summary · o open · n new · d del · Enter · R reload · q quit
