---
source: src/ui/mod.rs
expression: "render_to_string(&s, 80, 12)"
---
 feature (HEAD)    origin/main
Search:   (1 matches)
  eeeeeee 1 hour ago    Cy               origin tip (origin/main)




┌ai summary────────────────────────────────────────────────────────────────────┐
│press s for an AI summary                                                     │
│                                                                              │
└──────────────────────────────────────────────────────────────────────────────┘
j/k · /search · Tab preview · s summary · ←/→ view · Enter · R fetch · q quit
