---
source: src/ui/branch.rs
expression: "render_to_string(&s, 80, 12)"
---
 feature (branches)   3 branches
Search:   (3 matches)
* feature                     3 days ago   add fuzzy search
  main                       ┌ wip-parser ───────┐
  wip-parser                 │ Checkout          │r parser
                             │ Open Pull Request │
                             │ Copy name         │
┌ai summary──────────────────│ Delete branch     │─────────────────────────────┐
│press s for an AI summary   └───────────────────┘                             │
│                                                                              │
└──────────────────────────────────────────────────────────────────────────────┘
j/k · /search · s summary · n new · d delete · Enter · R reload · q quit
