---
source: src/ui/status.rs
expression: "render_to_string(&s, 80, 12)"
---
 feature (status)   4 changed · 2 staged
A  src/status.rs
 M src/reducer.rs
MM src/ui/mod.rs
?? notes.t┌ Amend commit ────────────────────────────────────────────┐
          │ base█                                                    │
          │ Enter  amend    Ctrl-s  suggest    Esc  cancel           │
          └──────────────────────────────────────────────────────────┘



j/k · space stage · c commit · a amend · d discard · Tab diff · Enter · q quit
